#-----------------------------------------------------------
# Vivado v2021.2 (64-bit)
# SW Build 3367213 on Tue Oct 19 02:47:39 MDT 2021
# IP Build 3369179 on Thu Oct 21 08:25:16 MDT 2021
# Start of session at: Thu Jul 21 22:22:23 2022
# Process ID: 24462
# Current directory: /users/course/2022S/HLS17000000/g110064539/OFDM_Implemented_by_HLS/without_II_violation_host/host/streaming_free_running_k2k/src/dsp/L1/examples/master_data_length
# Command line: vivado
# Log file: /users/course/2022S/HLS17000000/g110064539/OFDM_Implemented_by_HLS/without_II_violation_host/host/streaming_free_running_k2k/src/dsp/L1/examples/master_data_length/vivado.log
# Journal file: /users/course/2022S/HLS17000000/g110064539/OFDM_Implemented_by_HLS/without_II_violation_host/host/streaming_free_running_k2k/src/dsp/L1/examples/master_data_length/vivado.jou
# Running On: ic21, OS: Linux, CPU Frequency: 2794.662 MHz, CPU Physical cores: 32, Host memory: 269950 MB
#-----------------------------------------------------------
start_gui
create_project project_5 /users/course/2022S/HLS17000000/g110064539/OFDM_Implemented_by_HLS/without_II_violation_host/host/streaming_free_running_k2k/src/dsp/L1/examples/master_data_length/project_5 -part xck26-sfvc784-2LV-c
set_property board_part xilinx.com:kv260_som:part0:1.2 [current_project]
set_property  ip_repo_paths  /users/course/2022S/HLS17000000/g110064539/OFDM_Implemented_by_HLS/without_II_violation_host/host/streaming_free_running_k2k/src/dsp/L1/examples/master_data_length/prj_impulse_test.prj [current_project]
update_ip_catalog
create_bd_design "design_1"
update_compile_order -fileset sources_1
startgroup
create_bd_cell -type ip -vlnv xilinx.com:ip:zynq_ultra_ps_e:3.3 zynq_ultra_ps_e_0
endgroup
